[buttistore.com/product/digi-painting/DGPA3BL02S.html]
[backblue.gif]
[fade.gif]
[index.html]
[buttistore-assets.b-cdn.net/digi-painting/DGPBL02.png]
[script.crazyegg.com/pages/scripts/0113/4489.js]
[buttistore.com/_next/static/css/dc89ea252158f09b.css]
[buttistore.com/_next/static/chunks/polyfills-5cd94c89d3acac5f.js]
[buttistore.com/_next/static/chunks/3248.76d41c3b0b2af8ef.js]
[buttistore.com/_next/static/chunks/6111.0e7d97c50782b27b.js]
[buttistore.com/_next/static/chunks/5710.affd9ea4c4576ee8.js]
[buttistore.com/_next/static/chunks/6514.eb7cfa20f8ed9b68.js]
[buttistore.com/_next/static/chunks/webpack-569c7c50df7f3ec6.js]
[buttistore.com/_next/static/chunks/framework-a070cbfff3c750c5.js]
[buttistore.com/_next/static/chunks/main-02ad56f2576ab266.js]
[buttistore.com/_next/static/chunks/pages/_app-fac78ac671a899fb.js]
[buttistore.com/_next/static/chunks/d7eeaac4-317e82af7c3a0109.js]
[buttistore.com/_next/static/chunks/0c428ae2-4c3dbe4fec23ef20.js]
[buttistore.com/_next/static/chunks/95b64a6e-5d19d8408f05d32a.js]
[buttistore.com/_next/static/chunks/d0c16330-bb6908049dff0f4f.js]
[buttistore.com/_next/static/chunks/1a48c3c1-73bf200f0be91334.js]
[buttistore.com/_next/static/chunks/252f366e-9221ff2389193acb.js]
[buttistore.com/_next/static/chunks/b98bc7c3-4f5a93fe7dfa7e9c.js]
[buttistore.com/_next/static/chunks/1829-e7bae4b6ad3ca86d.js]
[buttistore.com/_next/static/chunks/1664-ab0c95d8d8af460c.js]
[buttistore.com/_next/static/chunks/4297-4a2915008de41e93.js]
[buttistore.com/_next/static/chunks/5675-36f7e75508dfac0d.js]
[buttistore.com/_next/static/chunks/1622-7e01714bd3bf9f85.js]
[buttistore.com/_next/static/chunks/1876-4fbe28c59c98d402.js]
[buttistore.com/_next/static/chunks/5597-53b89bea85ef704c.js]
[buttistore.com/_next/static/chunks/7098-2194999408ef7c73.js]
[buttistore.com/_next/static/chunks/8009-b210fe42dbab8128.js]
[buttistore.com/_next/static/chunks/7937-448ec58652524db1.js]
[buttistore.com/_next/static/chunks/5912-ff00d36a4ad406fb.js]
[buttistore.com/_next/static/chunks/3904-7de2887fdb270694.js]
[buttistore.com/_next/static/chunks/9768-2c403835e99cc760.js]
[buttistore.com/_next/static/chunks/2820-72a01bfd067e2b9f.js]
[buttistore.com/_next/static/chunks/9464-27f979b7ed1317ec.js]
[buttistore.com/_next/static/chunks/pages/product/[productSlug]/[variantSku]-be504faebf344e77.js]
[buttistore.com/_next/static/UidyUqSDt6633CSUAnw4_/_buildManifest.js]
[buttistore.com/_next/static/UidyUqSDt6633CSUAnw4_/_ssgManifest.js]
[buttistore.com/_next/static/UidyUqSDt6633CSUAnw4_/_middlewareManifest.js]
[buttistore-assets.b-cdn.net/header.png]
[buttistore.com/line.png]
[buttistore-assets.b-cdn.net/digi-painting/content/section1_after.png]
[buttistore-assets.b-cdn.net/digi-painting/content/section1_before.png]
[buttistore-assets.b-cdn.net/digi-painting/content/section3_banner.png]
[buttistore-assets.b-cdn.net/digi-painting/content/section4_card1.png]
[buttistore-assets.b-cdn.net/digi-painting/content/section4_card2.png]
[buttistore-assets.b-cdn.net/digi-painting/content/section4_card3.png]
[buttistore-assets.b-cdn.net/digi-painting/content/section4_card4.png]
[buttistore-assets.b-cdn.net/home-page/Frames comparison mobile.png]
[buttistore-assets.b-cdn.net/digi-painting/content/section5_card1_after.png]
[buttistore-assets.b-cdn.net/digi-painting/content/section5_card1_before.png]
[buttistore-assets.b-cdn.net/digi-painting/content/section5_card2_after.png]
[buttistore-assets.b-cdn.net/digi-painting/content/section5_card2_before.png]
[buttistore-assets.b-cdn.net/digi-painting/content/section6_banner.png]
[buttistore-assets.b-cdn.net/old-picture-digi-painting/dpp-1-black.png]
[buttistore-assets.b-cdn.net/handmade-painting/hmp-all-1-black.png]
[buttistore-assets.b-cdn.net/handmade-pencil-sketch/hps-all-1-black.png]
[buttistore.com/product/digi-painting/DGPA4BL01S.html]
[buttistore-assets.b-cdn.net/digi-painting/dgp-1-black.png]
[buttistore-assets.b-cdn.net/digi-painting/dgp-feature-2.png]
[buttistore-assets.b-cdn.net/digi-painting/dgp-feature-3.png]
[buttistore.com/product/digi-painting/DGPA3BL02S.html]
[buttistore.com/_next/static/css/dc89ea252158f09b.css]
[buttistore-assets.b-cdn.net/digi-painting/DGPBL01.png]
[buttistore.com/product/digi-painting/DGPA4BL01S.html]
[buttistore-assets.b-cdn.net/digi-painting/dgp-1-black.html]
